C51 COMPILER V8.08   MAIN                                                                  10/09/2019 17:03:44 PAGE 1   


C51 COMPILER V8.08, COMPILATION OF MODULE MAIN
OBJECT MODULE PLACED IN main.OBJ
COMPILER INVOKED BY: D:\software\Keil\C51\BIN\C51.EXE main.c BROWSE DEBUG OBJECTEXTEND

line level    source

   1          /*
   2          * @time: 2019-10-9 
   3          * @author: Jeremy.Zhang
   4          * @function: LED and Beeper blink(LED闪烁和蜂鸣器响)
   5          */
   6          
   7          #include "STC12C5A60S2.h"
   8          
   9          /* define all pins(定义所有引脚) */
  10          sbit LED1 = P2^4;    //high(1) works(高电平点亮)   
  11          sbit LED2 = P2^5;    //high(1) works(高电平点亮) 
  12          sbit LED3 = P2^6;        //high(1) works(高电平点亮) 
  13          sbit LED4 = P2^7;        //high(1) works(高电平点亮) 
  14          sbit BEEP = P1^0;    //low(0)  works(低电平响声)
  15          
  16          
  17          void main()
  18          {       
  19   1              /* define delay variable(定义延时变量) */
  20   1              unsigned long int i;
  21   1              
  22   1              /* config Beeper Mode(配置蜂鸣器为推挽输出模式) */
  23   1              P1M0 = 0x01;    
  24   1      
  25   1              while(1)
  26   1              {
  27   2                      for(i=0;i<50000;i++);
  28   2                      BEEP = 0;
  29   2                      LED1 = 0;
  30   2                      LED2 = 1;
  31   2                      LED3 = 1;
  32   2                      LED4 = 1;
  33   2      
  34   2                      for(i=0;i<50000;i++);
  35   2                      BEEP = 1;
  36   2                      LED1 = 0;
  37   2                      LED2 = 0;
  38   2                      LED3 = 1;
  39   2                      LED4 = 1;
  40   2      
  41   2                      for(i=0;i<50000;i++);
  42   2                      BEEP = 0;
  43   2                      LED1 = 0;
  44   2                      LED2 = 0;
  45   2                      LED3 = 0;
  46   2                      LED4 = 1;
  47   2      
  48   2                      for(i=0;i<50000;i++);
  49   2                      BEEP = 1;
  50   2                      LED1 = 0;
  51   2                      LED2 = 0;
  52   2                      LED3 = 0;
  53   2                      LED4 = 0;
  54   2              }       
  55   1      }
C51 COMPILER V8.08   MAIN                                                                  10/09/2019 17:03:44 PAGE 2   



MODULE INFORMATION:   STATIC OVERLAYABLE
   CODE SIZE        =    258    ----
   CONSTANT SIZE    =   ----    ----
   XDATA SIZE       =   ----    ----
   PDATA SIZE       =   ----    ----
   DATA SIZE        =   ----       4
   IDATA SIZE       =   ----    ----
   BIT SIZE         =   ----    ----
END OF MODULE INFORMATION.


C51 COMPILATION COMPLETE.  0 WARNING(S),  0 ERROR(S)
